
R version 3.6.0 (2019-04-26) -- "Planting of a Tree"
Copyright (C) 2019 The R Foundation for Statistical Computing
Platform: x86_64-w64-mingw32/x64 (64-bit)

R is free software and comes with ABSOLUTELY NO WARRANTY.
You are welcome to redistribute it under certain conditions.
Type 'license()' or 'licence()' for distribution details.

  Natural language support but running in an English locale

R is a collaborative project with many contributors.
Type 'contributors()' for more information and
'citation()' on how to cite R or R packages in publications.

Type 'demo()' for some demos, 'help()' for on-line help, or
'help.start()' for an HTML browser interface to help.
Type 'q()' to quit R.

[Previously saved workspace restored]

> library(rvest)
> library(tidyverse)
-- Attaching packages --------------------------------------- tidyverse 1.3.1 --
v ggplot2 3.3.5     v purrr   0.3.4
v tibble  3.1.1     v dplyr   1.0.6
v tidyr   1.1.3     v stringr 1.4.0
v readr   1.4.0     v forcats 0.5.1
-- Conflicts ------------------------------------------ tidyverse_conflicts() --
x dplyr::filter()         masks stats::filter()
x readr::guess_encoding() masks rvest::guess_encoding()
x dplyr::lag()            masks stats::lag()
Warning messages:
1: package 'tidyverse' was built under R version 3.6.3 
2: package 'tibble' was built under R version 3.6.3 
3: package 'tidyr' was built under R version 3.6.3 
4: package 'readr' was built under R version 3.6.3 
5: package 'purrr' was built under R version 3.6.3 
6: package 'dplyr' was built under R version 3.6.3 
7: package 'forcats' was built under R version 3.6.3 
> library(readr)
> library(stringr)
> library(RCurl)
Loading required package: bitops

Attaching package: 'RCurl'

The following object is masked from 'package:tidyr':

    complete

> library(readxl)
> library("rio")
> library(gsubfn)
Loading required package: proto
Warning messages:
1: package 'gsubfn' was built under R version 3.6.3 
2: package 'proto' was built under R version 3.6.3 
> library(lubridate)

Attaching package: 'lubridate'

The following objects are masked from 'package:base':

    date, intersect, setdiff, union

Warning message:
package 'lubridate' was built under R version 3.6.3 
> library(naptime)
Warning message:
package 'naptime' was built under R version 3.6.3 
> library(XML)
> library(xml2)
Warning message:
package 'xml2' was built under R version 3.6.3 
> library(git2r)

Attaching package: 'git2r'

The following objects are masked from 'package:RCurl':

    clone, push, reset

The following object is masked from 'package:dplyr':

    pull

The following objects are masked from 'package:purrr':

    is_empty, when

Warning message:
package 'git2r' was built under R version 3.6.3 
> 
> setwd("C:/Automatisierungen/SDA_Projects")
> 
> gitcommit <- function(msg = "commit from Rstudio", dir = getwd()){
+   cmd = sprintf("git commit -m\"%s\"",msg)
+   system(cmd)
+ }
> 
> gitstatus <- function(dir = getwd()){
+   cmd_list <- list(
+     cmd1 = tolower(substr(dir,1,2)),
+     cmd2 = paste("cd",dir),
+     cmd3 = "git status"
+   )
+   cmd <- paste(unlist(cmd_list),collapse = " & ")
+   shell(cmd)
+ }
> 
> gitadd <- function(dir = getwd()){
+   cmd_list <- list(
+     cmd1 = tolower(substr(dir,1,2)),
+     cmd2 = paste("cd",dir),
+     cmd3 = "git add --all"
+   )
+   cmd <- paste(unlist(cmd_list),collapse = " & ")
+   shell(cmd)
+ }
> 
> gitpush <- function(dir = getwd()){
+   cmd_list <- list(
+     cmd1 = tolower(substr(dir,1,2)),
+     cmd2 = paste("cd",dir),
+     cmd3 = "git push"
+   )
+   cmd <- paste(unlist(cmd_list),collapse = " & ")
+   shell(cmd)
+ }
> 
> 
> ###### tool box
> 
> 
> #putting the ' where it belongs
> bigNum<- function(bNum) {
+   bNum<-ifelse(bNum >= 10000, format(bNum, big.mark="'", scientific=FALSE),bNum)
+ }
> 
> #Writing small numbers, second argument lan= 'it', 'de', or 'fr'
> smallNum<- function(sNum,lan){
+   chiffre<-c('un','deux','trois','quatre','cinq','six','sept','huit','neuf','dix')
+   chiffreD<-c('ein','zwei', 'drei', 'vier', 'fÃ¼nf', 'sechs', 'sieben', 'acht', 'neun', 'zehn')
+   chiffreI<-c('uno', 'due', 'tre', 'quattro', 'cinque', 'sei', 'sette', 'otto', 'nove', 'dieci')
+   if(lan=='de'){
+     sNum<-ifelse(sNum <= 10, chiffreD[sNum],sNum)
+   } else if (lan=='it'){
+     sNum<-ifelse(sNum <= 10, chiffreI[sNum],sNum)
+   } else if (lan=='fr') {
+     sNum<-ifelse(sNum <= 10, chiffre[sNum],sNum)
+   } else {
+     sNum
+   }
+   
+ }
> 
> 
> #days of the week in 3 different languages second argument lan= 'it', 'de', or 'fr'
> dayM<- function(date, lan) {
+   num<-wday(date)
+   dayE<-c('Sunday', 'Monday', 'Tuesday', 'Wednesday', 'Thursday', 'Friday', 'Saturday')
+   dayD<-c('Sonntag', 'Montag', 'Dienstag', 'Mittwoch', 'Donnerstag', 'Freitag', 'Samstag')
+   dayI<-c('domenica', 'lunedÃ¬', 'martedÃ¬', 'mercoledÃ¬', 'giovedÃ¬','venerdÃ¬', 'sabato')
+   dayF<-c('dimanche', 'lundi','mardi','mercredi','jeudi','vendredi','samedi')
+   wday(date)
+   if(lan=='de'){
+     day<-dayD[num]
+   } else if (lan=='it'){
+     day<-dayI[num]
+   } else if (lan=='fr') {
+     day<-dayF[num]
+   } else {
+     day<-dayF[num]
+   }
+   return(day)
+ }
> 
> 
> 
> #triple options selector, enter the number and 3 possible texts (one,many,none)
> selectText<- function(num,varOne,varMult,varNone){
+   if (num==1){
+     para<-varOne
+   } else if (num>1){
+     para<-varMult
+   } else if (num<=0) {
+     para<-varNone
+   }
+   return(para)
+ }
> 
> 
> 
> #Create file name adding the date
> createFileName<- function(fname) {
+   library(filenamer)
+   f <- as.filename(fname)
+   txt <- tag(f, dateFormat)
+ }
> 
> 
> 
> #create the final file function, needs to be updated in case of longer text and in case of saving
> createFile2<- function(fsource, fname,lead,par1,titleShort,titleLong) {
+   tx  <- readLines(fsource)
+   tx2  <- gsub(pattern = "Leadtxt", replace = lead, x = tx)
+   tx2  <- gsub(pattern = "Paragraphe1", replace = par1, x = tx2)
+   tx2  <- gsub(pattern = "titreCourt", replace = titleShort, x = tx2)
+   tx2  <- gsub(pattern = "titreLong", replace = titleLong, x = tx2)
+   writeLines(tx2, con=fname)
+ }
> 
> # the updated version (see the ofsp script for more detail)
> createFile<- function(fsource, fname,lead,par1,par2,par3,titleShort,titleLong) {
+   tx  <- readLines(fsource)
+   tx2  <- gsub(pattern = "Leadtxt", replace = lead, x = tx)
+   tx2  <- gsub(pattern = "Paragraphe1", replace = par1, x = tx2)
+   tx2  <- gsub(pattern = "Paragraphe2", replace = par2, x = tx2)
+   tx2  <- gsub(pattern = "Paragraphe3", replace = par3, x = tx2)
+   tx2  <- gsub(pattern = "titreCourt", replace = titleShort, x = tx2)
+   tx2  <- gsub(pattern = "titreLong", replace = titleLong, x = tx2)
+   writeLines(tx2, con=fname)
+ }
> 
> #######
> 
> 
> ### setting for the loop 
> 
> url <- "https://jeux.loro.ch/games/euromillions/results"
> h <- read_html(url)
> 
> # a variable with the date on it
> loopy<- h%>% html_nodes(xpath ='/html/body/main/section[2]/section/div[4]/div/div/div[1]/h3')%>%
+   xml_text()%>%tolower()
> loopy
[1] "\nrésultats bientôt disponibles...            "
> 
> # a bit of an older system, it does use the day as a word
> today<-dayM(wday(Sys.time()),"fr")
> 
> str_detect(loopy, today, negate = FALSE)
[1] FALSE
> 
> #### The loop
> # Setting the variables
> n<-0
> testing<-FALSE
> 
> # the condition is testing, just check if we are today on the website
> while (testing == FALSE) {
+   url <- "https://jeux.loro.ch/games/euromillions/results#"
+   h <- read_html(url)
+   loopy<- h%>% html_nodes(xpath ='/html/body/main/section[2]/section/div[4]/div/div/div[1]/h3')%>%
+     xml_text()%>%tolower()
+   print(loopy)
+   testing <- str_detect(loopy, today, negate = FALSE)
+   print(testing)
+   ###test features
+   #print(totCases)
+   # if(today==7 | today==1) {
+   #   day <- today
+   # }
+   # Exit loop in case of trouble
+   n<-n+1
+   if(n > 180) {testing <- TRUE} #stop running after 1h30, in case something wrong
+   # it does take a long 30 seconds nap, time is not of the essence here
+   naptime(30)
+ }
[1] "\nrésultats bientôt disponibles...            "
[1] FALSE
[1] "\nrésultats bientôt disponibles...            "
[1] FALSE
[1] "\nrésultats bientôt disponibles...            "
[1] FALSE
[1] "\nrésultats bientôt disponibles...            "
[1] FALSE
[1] "\nrésultats bientôt disponibles...            "
[1] FALSE
[1] "\nrésultats bientôt disponibles...            "
[1] FALSE
[1] "\nrésultats bientôt disponibles...            "
[1] FALSE
[1] "\nrésultats bientôt disponibles...            "
[1] FALSE
[1] "\nrésultats bientôt disponibles...            "
[1] FALSE
[1] "\nrésultats bientôt disponibles...            "
[1] FALSE
[1] "\nrésultats bientôt disponibles...            "
[1] FALSE
[1] "\nrésultats bientôt disponibles...            "
[1] FALSE
[1] "\nrésultats bientôt disponibles...            "
[1] FALSE
[1] "\nrésultats bientôt disponibles...            "
[1] FALSE
[1] "\nrésultats bientôt disponibles...            "
[1] FALSE
[1] "\nrésultats bientôt disponibles...            "
[1] FALSE
[1] "\nrésultats bientôt disponibles...            "
[1] FALSE
[1] "\nrésultats bientôt disponibles...            "
[1] FALSE
[1] "\nrésultats bientôt disponibles...            "
[1] FALSE
[1] "\nrésultats bientôt disponibles...            "
[1] FALSE
[1] "\nrésultats bientôt disponibles...            "
[1] FALSE
[1] "\nrésultats bientôt disponibles...            "
[1] FALSE
[1] "\nrésultats bientôt disponibles...            "
[1] FALSE
[1] "\nrésultats bientôt disponibles...            "
[1] FALSE
[1] "\nrésultats bientôt disponibles...            "
[1] FALSE
[1] "\nrésultats bientôt disponibles...            "
[1] FALSE
[1] "\nrésultats bientôt disponibles...            "
[1] FALSE
[1] "\nrésultats bientôt disponibles...            "
[1] FALSE
[1] "\nrésultats bientôt disponibles...            "
[1] FALSE
[1] "\nrésultats bientôt disponibles...            "
[1] FALSE
[1] "\nrésultats bientôt disponibles...            "
[1] FALSE
[1] "\nrésultats bientôt disponibles...            "
[1] FALSE
[1] "\nrésultats bientôt disponibles...            "
[1] FALSE
[1] "\nrésultats bientôt disponibles...            "
[1] FALSE
[1] "\nrésultats bientôt disponibles...            "
[1] FALSE
[1] "\nrésultats bientôt disponibles...            "
[1] FALSE
[1] "\nrésultats bientôt disponibles...            "
[1] FALSE
[1] "\nrésultats bientôt disponibles...            "
[1] FALSE
[1] "\nrésultats bientôt disponibles...            "
[1] FALSE
[1] "\nrésultats bientôt disponibles...            "
[1] FALSE
[1] "\nrésultats bientôt disponibles...            "
[1] FALSE
[1] "\nrésultats bientôt disponibles...            "
[1] FALSE
[1] "\nrésultats bientôt disponibles...            "
[1] FALSE
[1] "\nrésultats bientôt disponibles...            "
[1] FALSE
[1] "\nrésultats bientôt disponibles...            "
[1] FALSE
[1] "\nrésultats bientôt disponibles...            "
[1] FALSE
[1] "\nrésultats bientôt disponibles...            "
[1] FALSE
[1] "\nrésultats bientôt disponibles...            "
[1] FALSE
[1] "\nrésultats bientôt disponibles...            "
[1] FALSE
[1] "\nrésultats bientôt disponibles...            "
[1] FALSE
[1] "\nrésultats bientôt disponibles...            "
[1] FALSE
[1] "\nrésultats bientôt disponibles...            "
[1] FALSE
[1] "\nrésultats bientôt disponibles...            "
[1] FALSE
[1] "\nrésultats bientôt disponibles...            "
[1] FALSE
[1] "\nrésultats bientôt disponibles...            "
[1] FALSE
[1] "\nrésultats bientôt disponibles...            "
[1] FALSE
[1] "\nrésultats bientôt disponibles...            "
[1] FALSE
[1] "\nrésultats bientôt disponibles...            "
[1] FALSE
[1] "\nrésultats bientôt disponibles...            "
[1] FALSE
[1] "\nrésultats bientôt disponibles...            "
[1] FALSE
[1] "\nrésultats bientôt disponibles...            "
[1] FALSE
[1] "\nrésultats bientôt disponibles...            "
[1] FALSE
[1] "\nrésultats bientôt disponibles...            "
[1] FALSE
[1] "\nrésultats bientôt disponibles...            "
[1] FALSE
[1] "\nrésultats bientôt disponibles...            "
[1] FALSE
[1] "\nrésultats bientôt disponibles...            "
[1] FALSE
[1] "\nrésultats bientôt disponibles...            "
[1] FALSE
[1] "\nrésultats bientôt disponibles...            "
[1] FALSE
[1] "\nrésultats bientôt disponibles...            "
[1] FALSE
[1] "\nrésultats bientôt disponibles...            "
[1] FALSE
[1] "\nrésultats bientôt disponibles...            "
[1] FALSE
[1] "\nrésultats bientôt disponibles...            "
[1] FALSE
[1] "\nrésultats bientôt disponibles...            "
[1] FALSE
[1] "\nrésultats bientôt disponibles...            "
[1] FALSE
[1] "\nrésultats bientôt disponibles...            "
[1] FALSE
[1] "\nrésultats bientôt disponibles...            "
[1] FALSE
[1] "\nrésultats bientôt disponibles...            "
[1] FALSE
[1] "\nrésultats bientôt disponibles...            "
[1] FALSE
[1] "\nrésultats bientôt disponibles...            "
[1] FALSE
[1] "\nrésultats bientôt disponibles...            "
[1] FALSE
[1] "\nrésultats bientôt disponibles...            "
[1] FALSE
[1] "\nrésultats bientôt disponibles...            "
[1] FALSE
[1] "\nrésultats bientôt disponibles...            "
[1] FALSE
[1] "\nrésultats bientôt disponibles...            "
[1] FALSE
[1] "\nrésultats bientôt disponibles...            "
[1] FALSE
[1] "\nrésultats bientôt disponibles...            "
[1] FALSE
[1] "\nrésultats bientôt disponibles...            "
[1] FALSE
[1] "\nrésultats bientôt disponibles...            "
[1] FALSE
[1] "\nrésultats bientôt disponibles...            "
[1] FALSE
[1] "\nrésultats bientôt disponibles...            "
[1] FALSE
[1] "\nrésultats bientôt disponibles...            "
[1] FALSE
[1] "\nrésultats bientôt disponibles...            "
[1] FALSE
[1] "\nrésultats bientôt disponibles...            "
[1] FALSE
[1] "\nrésultats bientôt disponibles...            "
[1] FALSE
[1] "\nrésultats bientôt disponibles...            "
[1] FALSE
[1] "\nrésultats bientôt disponibles...            "
[1] FALSE
[1] "\nrésultats bientôt disponibles...            "
[1] FALSE
[1] "\nrésultats bientôt disponibles...            "
[1] FALSE
[1] "\nrésultats bientôt disponibles...            "
[1] FALSE
[1] "\nrésultats bientôt disponibles...            "
[1] FALSE
[1] "\nrésultats bientôt disponibles...            "
[1] FALSE
[1] "\nrésultats bientôt disponibles...            "
[1] FALSE
[1] "\nrésultats bientôt disponibles...            "
[1] FALSE
[1] "\nrésultats bientôt disponibles...            "
[1] FALSE
[1] "\nrésultats bientôt disponibles...            "
[1] FALSE
[1] "\nrésultats bientôt disponibles...            "
[1] FALSE
[1] "\nrésultats bientôt disponibles...            "
[1] FALSE
[1] "\nrésultats bientôt disponibles...            "
[1] FALSE
[1] "\nrésultats bientôt disponibles...            "
[1] FALSE
[1] "\nrésultats bientôt disponibles...            "
[1] FALSE
[1] "\nrésultats bientôt disponibles...            "
[1] FALSE
[1] "\nrésultats bientôt disponibles...            "
[1] FALSE
[1] "\nrésultats bientôt disponibles...            "
[1] FALSE
[1] "\nrésultats bientôt disponibles...            "
[1] FALSE
[1] "\nrésultats bientôt disponibles...            "
[1] FALSE
[1] "\nrésultats bientôt disponibles...            "
[1] FALSE
[1] "\nrésultats bientôt disponibles...            "
[1] FALSE
[1] "\nrésultats bientôt disponibles...            "
[1] FALSE
[1] "\nrésultats bientôt disponibles...            "
[1] FALSE
[1] "\nrésultats bientôt disponibles...            "
[1] FALSE
[1] "\nrésultats bientôt disponibles...            "
[1] FALSE
[1] "\nrésultats bientôt disponibles...            "
[1] FALSE
[1] "\nrésultats bientôt disponibles...            "
[1] FALSE
[1] "\nrésultats bientôt disponibles...            "
[1] FALSE
[1] "\nrésultats bientôt disponibles...            "
[1] FALSE
[1] "\nrésultats bientôt disponibles...            "
[1] FALSE
[1] "\nrésultats bientôt disponibles...            "
[1] FALSE
[1] "\nrésultats bientôt disponibles...            "
[1] FALSE
[1] "\nrésultats bientôt disponibles...            "
[1] FALSE
[1] "\nrésultats bientôt disponibles...            "
[1] FALSE
[1] "\nrésultats bientôt disponibles...            "
[1] FALSE
[1] "\nrésultats bientôt disponibles...            "
[1] FALSE
[1] "\nrésultats bientôt disponibles...            "
[1] FALSE
[1] "\nrésultats bientôt disponibles...            "
[1] FALSE
[1] "\nrésultats bientôt disponibles...            "
[1] FALSE
[1] "\nrésultats bientôt disponibles...            "
[1] FALSE
[1] "\nrésultats bientôt disponibles...            "
[1] FALSE
[1] "\nrésultats bientôt disponibles...            "
[1] FALSE
[1] "\nrésultats bientôt disponibles...            "
[1] FALSE
[1] "\nrésultats bientôt disponibles...            "
[1] FALSE
[1] "\nrésultats bientôt disponibles...            "
[1] FALSE
[1] "\nrésultats bientôt disponibles...            "
[1] FALSE
[1] "\nrésultats bientôt disponibles...            "
[1] FALSE
[1] "\nrésultats bientôt disponibles...            "
[1] FALSE
[1] "\nrésultats bientôt disponibles...            "
[1] FALSE
[1] "\nrésultats bientôt disponibles...            "
[1] FALSE
[1] "\nrésultats bientôt disponibles...            "
[1] FALSE
[1] "\nrésultats bientôt disponibles...            "
[1] FALSE
[1] "\nrésultats bientôt disponibles...            "
[1] FALSE
[1] "\nrésultats bientôt disponibles...            "
[1] FALSE
[1] "\nrésultats bientôt disponibles...            "
[1] FALSE
[1] "\nrésultats bientôt disponibles...            "
[1] FALSE
[1] "\nrésultats bientôt disponibles...            "
[1] FALSE
[1] "\nrésultats bientôt disponibles...            "
[1] FALSE
[1] "\nrésultats bientôt disponibles...            "
[1] FALSE
[1] "\nrésultats bientôt disponibles...            "
[1] FALSE
[1] "\nrésultats bientôt disponibles...            "
[1] FALSE
[1] "\nrésultats bientôt disponibles...            "
[1] FALSE
[1] "\nrésultats bientôt disponibles...            "
[1] FALSE
[1] "\nrésultats bientôt disponibles...            "
[1] FALSE
[1] "\nrésultats bientôt disponibles...            "
[1] FALSE
[1] "\nrésultats bientôt disponibles...            "
[1] FALSE
[1] "\nrésultats bientôt disponibles...            "
[1] FALSE
[1] "\nrésultats bientôt disponibles...            "
[1] FALSE
[1] "\nrésultats bientôt disponibles...            "
[1] FALSE
[1] "\nrésultats bientôt disponibles...            "
[1] FALSE
[1] "\nrésultats bientôt disponibles...            "
[1] FALSE
[1] "\nrésultats bientôt disponibles...            "
[1] FALSE
[1] "\nrésultats bientôt disponibles...            "
[1] FALSE
[1] "\nrésultats bientôt disponibles...            "
[1] FALSE
[1] "\nrésultats bientôt disponibles...            "
[1] FALSE
[1] "\nrésultats bientôt disponibles...            "
[1] FALSE
[1] "\nrésultats bientôt disponibles...            "
[1] FALSE
[1] "\nrésultats bientôt disponibles...            "
[1] FALSE
[1] "\nrésultats bientôt disponibles...            "
[1] FALSE
[1] "\nrésultats bientôt disponibles...            "
[1] FALSE
[1] "\nrésultats bientôt disponibles...            "
[1] FALSE
[1] "\nrésultats bientôt disponibles...            "
[1] FALSE
[1] "\nrésultats bientôt disponibles...            "
[1] FALSE
[1] "\nrésultats bientôt disponibles...            "
[1] FALSE
[1] "\nrésultats bientôt disponibles...            "
[1] FALSE
> 
> 
> #####
> 
> #retrieving the result page and the main page with the sum of the next prize
> url <- "https://jeux.loro.ch/games/euromillions/results"
> url2<-"https://jeux.loro.ch/games/euromillions"
> h <- read_html(url)
> h2<-read_html(url2)
> 
> 
> # Extract the date
> # We use the xpath to retrive data, possible to go with a table option, but this works fine
> date<- h%>%html_nodes(xpath ='/html/body/main/section/div/div[1]/section/div/div[2]/article[1]/div[1]')%>%xml_text()
> date<-ifelse(str_detect(date,"Mardi"), "mardi","vendredi")
> 
> # Extract the 5 numbers
> result <- h %>% html_nodes(xpath ="/html/body/main/section/div/div[1]/section/div/div[2]/article[1]/div[2]/div/div[1]/div[1]/ul")%>%html_nodes('li')%>%
+   xml_text()%>%as.numeric()
> 
> # Extract the 2 stars
> star1<- h%>% html_nodes(xpath ='/html/body/main/section/div/div[1]/section/div/div[2]/article[1]/div[2]/div/div[1]/div[1]/span[2]')%>%
+   xml_text()%>%as.numeric()
> 
> star2<- h%>% html_nodes(xpath ='/html/body/main/section/div/div[1]/section/div/div[2]/article[1]/div[2]/div/div[1]/div[1]/span[3]')%>%
+   xml_text()%>%as.numeric()
> 
> # Extract number of winners with 5 and 2, and gains
> gdGagnant<-h%>%html_nodes(xpath='/html/body/main/section/div/div[1]/section/div/div[2]/article[1]/div[2]/div/div[2]/table[1]/tbody/tr[1]/td[2]')%>%
+   xml_text()%>%as.numeric()
> 
> # Extract their winnings
> gains<-h%>%html_nodes(xpath='/html/body/main/section[2]/div/div[1]/section/div/div[2]/article[1]/div[2]/div/div[2]/table[1]/tbody/tr[1]/td[3]')%>%
+   xml_text() %>%parse_number(locale=locale(grouping_mark="'", decimal_mark="."))     #gsub("'","") #%>%as.numeric()
> gains<-as.numeric(gains)/10^6
> gains<-format(gains, digits=4, decimal.mark=",", scientific=FALSE)
> 
> 
> 
> #winners with 5 and 1 stars, and gains
> ptGagnant<-h%>%html_nodes(xpath='/html/body/main/section/div/div[1]/section/div/div[2]/article[1]/div[2]/div/div[2]/table[1]/tbody/tr[2]/td[2]')%>%
+   xml_text()%>%as.numeric()
> 
> ptGains<-h%>%html_nodes(xpath='/html/body/main/section/div/div[1]/section/div/div[2]/article[1]/div[2]/div/div[2]/table[1]/tbody/tr[2]/td[3]')%>%
+   xml_text()%>%parse_number(locale=locale(grouping_mark="'", decimal_mark="."))
> ptGains<-ptGains/10^6
> ptGains<-format(ptGains, digits=2, decimal.mark=",", scientific=FALSE)
> ptGains
character(0)
> 
> # This is a plural options
> s<-ifelse(ptGains>=2, "s","")
> 
> 
> 
> 
> #Possible lead, write all of them, and then it will choose the right one
> winner<-sprintf("Un joueur a trouvÃ© la combinaison gagnante du tirage de l'Euro Millions de %s et a empochÃ© %s millions de francs.", date,gains)
> 
> dblWinner<-sprintf("L'Euro Millions a fait %s heureux gagnants %s qui ont chacun empochÃ© %s millions de francs.", smallNum(gdGagnant,"fr"), date,gains)
> 
> ptWinner<-sprintf("Personne n'a trouvÃ© la bonne combinaison Ã  l'Euro Millions %s. Un joueur a tout de mÃªme trouvÃ© cinq bons numÃ©ros et une Ã©toile et a empochÃ© %s million%s de francs.", date,ptGains,s)
> 
> dblptWinner<-sprintf("Personne n'a trouvÃ© la bonne combinaison Ã  l'Euro Millions %s. %s joueurs ont tout de mÃªme trouvÃ© cinq bons numÃ©ros et une Ã©toile et empochÃ© %s million%s de francs.", date, str_to_sentence(smallNum(ptGagnant,'fr')), ptGains,s)
> 
> noWinner<-sprintf("Personne n'a trouvÃ© la combinaison gagnante Ã  l'Euro Millions %s soir.", date)
> 
> bonNum<-sprintf("Pour gagner, il fallait jouer les numÃ©ros %s, %s, %s, %s et %s, ainsi que les Ã©toiles %s et %s.", result[1],result[2],result[3],result[4],result[5], star1,star2)
> 
> 
> #possible title
> titWinner<- sprintf("Un joueur dÃ©croche le jackpot de l'Euro Millions")
> titdblWinner<- sprintf("L'Euro Millions fait %s nouveaux millionnaires", smallNum(gdGagnant,"fr"))
> titptWinner<-sprintf("Un nouveau millionnaire au tirage de l'Euro million")
> titnoWinner<-sprintf("Aucun joueur ne devine la bonne combinaison de l'Euro Millions")
> titdblptWinner<- sprintf("L'Euro Millions fait %s nouveaux millionnaires", smallNum(ptGagnant,"fr"))
> 
> #possible short title
> titWinnerCo<- sprintf("Un chanceux remporte %s millions de francs", gains)
> titdblWinnerCo<- sprintf("L'Euro Millions fait %s millionnaires", smallNum(gdGagnant,"fr"))
> titptWinnerCo<-sprintf("Un nouveau millionnaire Ã  l'Euro million")
> titnoWinnerCo<-sprintf("Pas de gagnant Ã  l'Euro Millions")
> titdblptWinnerCo<- sprintf("L'Euro Millions fait %s millionnaires", smallNum(ptGagnant,"fr"))
> 
> 
> #get the next cashprize
> nextPrice <- h2 %>% html_nodes(xpath="/html/body/main/section/section/div[2]/div/div[1]/h2/span[1]")
> nextPrice<-as.numeric(xml_text(nextPrice))
Warning message:
NAs introduced by coercion 
> nextPrice<-format(nextPrice, decimal.mark=",", scientific=FALSE)
> nextPrice
[1] "NA"
> 
> #get the next day
> nextDate<-ifelse(date=='vendredi', 'mardi','vendredi')
> 
> # the only paragraph after the lead, just inform on the next cashprize
> cash<-sprintf("Lors du prochain tirage %s, %s millions de francs seront en jeu, indique la Loterie Romande.", nextDate,nextPrice)
> 
> #selecting the strings for the lead
> if (gdGagnant==1){
+   win<-winner
+   tit<-titWinner
+   titco<-titWinnerCo
+ } else if (gdGagnant>1){
+   win<-dblWinner
+   tit<-titdblWinner
+   titco<-titdblWinnerCo
+   
+ } else if (gdGagnant==0 & ptGains<1){
+   win<-noWinner
+   tit<-titnoWinner
+   titco<-titnoWinnerCo
+   
+ } else if (ptGagnant>=2 & ptGains>=1){
+   win<-dblptWinner
+   tit<-titdblptWinner
+   titco<-titdblptWinnerCo
+   
+ } else if (ptGains>=1){
+   win<-ptWinner
+   tit<-titptWinner
+   titco<-titptWinnerCo
+ }
Error in if (gdGagnant == 1) { : argument is of length zero
Execution halted
